// Jest Snapshot v1, https://goo.gl/fbAQLP

exports[`React Hook Form Input should render MUI Checkbox correctly 1`] = `
<DocumentFragment>
  <span
    aria-disabled="false"
    class="MuiButtonBase-root MuiIconButton-root PrivateSwitchBase-root-7 MuiCheckbox-root MuiCheckbox-colorSecondary MuiIconButton-colorSecondary"
  >
    <span
      class="MuiIconButton-label"
    >
      <input
        class="PrivateSwitchBase-input-10"
        data-indeterminate="false"
        type="checkbox"
        value="test"
      />
      <svg
        aria-hidden="true"
        class="MuiSvgIcon-root"
        focusable="false"
        role="presentation"
        viewBox="0 0 24 24"
      >
        <path
          d="M19 5v14H5V5h14m0-2H5c-1.1 0-2 .9-2 2v14c0 1.1.9 2 2 2h14c1.1 0 2-.9 2-2V5c0-1.1-.9-2-2-2z"
        />
      </svg>
    </span>
    <span
      class="MuiTouchRipple-root"
    />
  </span>
</DocumentFragment>
`;

exports[`React Hook Form Input should render MUI Radio correctly 1`] = `
<DocumentFragment>
  <div
    aria-label="gender"
    class="MuiFormGroup-root"
    role="radiogroup"
  >
    <label
      class="MuiFormControlLabel-root"
    >
      <span
        aria-disabled="false"
        class="MuiButtonBase-root MuiIconButton-root PrivateSwitchBase-root-55 MuiRadio-root MuiRadio-colorSecondary MuiIconButton-colorSecondary"
      >
        <span
          class="MuiIconButton-label"
        >
          <input
            class="PrivateSwitchBase-input-58"
            name="gender1"
            type="radio"
            value="female"
          />
          <div
            class="PrivateRadioButtonIcon-root-71"
          >
            <svg
              aria-hidden="true"
              class="MuiSvgIcon-root"
              focusable="false"
              role="presentation"
              viewBox="0 0 24 24"
            >
              <path
                d="M12 2C6.48 2 2 6.48 2 12s4.48 10 10 10 10-4.48 10-10S17.52 2 12 2zm0 18c-4.42 0-8-3.58-8-8s3.58-8 8-8 8 3.58 8 8-3.58 8-8 8z"
              />
            </svg>
            <svg
              aria-hidden="true"
              class="MuiSvgIcon-root PrivateRadioButtonIcon-layer-72"
              focusable="false"
              role="presentation"
              viewBox="0 0 24 24"
            >
              <path
                d="M8.465 8.465C9.37 7.56 10.62 7 12 7C14.76 7 17 9.24 17 12C17 13.38 16.44 14.63 15.535 15.535C14.63 16.44 13.38 17 12 17C9.24 17 7 14.76 7 12C7 10.62 7.56 9.37 8.465 8.465Z"
              />
            </svg>
          </div>
        </span>
        <span
          class="MuiTouchRipple-root"
        />
      </span>
      <span
        class="MuiTypography-root MuiFormControlLabel-label MuiTypography-body1"
      >
        Female
      </span>
    </label>
    <label
      class="MuiFormControlLabel-root"
    >
      <span
        aria-disabled="false"
        class="MuiButtonBase-root MuiIconButton-root PrivateSwitchBase-root-55 MuiRadio-root MuiRadio-colorSecondary MuiIconButton-colorSecondary"
      >
        <span
          class="MuiIconButton-label"
        >
          <input
            class="PrivateSwitchBase-input-58"
            name="gender1"
            type="radio"
            value="male"
          />
          <div
            class="PrivateRadioButtonIcon-root-71"
          >
            <svg
              aria-hidden="true"
              class="MuiSvgIcon-root"
              focusable="false"
              role="presentation"
              viewBox="0 0 24 24"
            >
              <path
                d="M12 2C6.48 2 2 6.48 2 12s4.48 10 10 10 10-4.48 10-10S17.52 2 12 2zm0 18c-4.42 0-8-3.58-8-8s3.58-8 8-8 8 3.58 8 8-3.58 8-8 8z"
              />
            </svg>
            <svg
              aria-hidden="true"
              class="MuiSvgIcon-root PrivateRadioButtonIcon-layer-72"
              focusable="false"
              role="presentation"
              viewBox="0 0 24 24"
            >
              <path
                d="M8.465 8.465C9.37 7.56 10.62 7 12 7C14.76 7 17 9.24 17 12C17 13.38 16.44 14.63 15.535 15.535C14.63 16.44 13.38 17 12 17C9.24 17 7 14.76 7 12C7 10.62 7.56 9.37 8.465 8.465Z"
              />
            </svg>
          </div>
        </span>
        <span
          class="MuiTouchRipple-root"
        />
      </span>
      <span
        class="MuiTypography-root MuiFormControlLabel-label MuiTypography-body1"
      >
        Male
      </span>
    </label>
  </div>
</DocumentFragment>
`;

exports[`React Hook Form Input should render MUI Select correctly 1`] = `
<DocumentFragment>
  <div
    class="MuiInputBase-root MuiInput-root MuiInput-underline"
  >
    <div
      aria-haspopup="listbox"
      aria-labelledby=" "
      class="MuiSelect-root MuiSelect-select MuiSelect-selectMenu MuiInputBase-input MuiInput-input"
      role="button"
      tabindex="0"
    >
      <span>
        â€‹
      </span>
    </div>
    <input
      type="hidden"
      value=""
    />
    <svg
      aria-hidden="true"
      class="MuiSvgIcon-root MuiSelect-icon"
      focusable="false"
      role="presentation"
      viewBox="0 0 24 24"
    >
      <path
        d="M7 10l5 5 5-5z"
      />
    </svg>
  </div>
</DocumentFragment>
`;

exports[`React Hook Form Input should render MUI Switch correctly 1`] = `
<DocumentFragment>
  <span
    class="MuiSwitch-root"
  >
    <span
      aria-disabled="false"
      class="MuiButtonBase-root MuiIconButton-root PrivateSwitchBase-root-173 MuiSwitch-switchBase MuiSwitch-colorSecondary"
    >
      <span
        class="MuiIconButton-label"
      >
        <input
          class="PrivateSwitchBase-input-176 MuiSwitch-input"
          type="checkbox"
          value="checkedA"
        />
        <span
          class="MuiSwitch-thumb"
        />
      </span>
      <span
        class="MuiTouchRipple-root"
      />
    </span>
    <span
      class="MuiSwitch-track"
    />
  </span>
</DocumentFragment>
`;

exports[`React Hook Form Input should render MUI TextField correctly 1`] = `
<DocumentFragment>
  <div
    class="MuiFormControl-root MuiTextField-root"
  >
    <div
      class="MuiInputBase-root MuiInput-root MuiInput-underline MuiInputBase-formControl MuiInput-formControl"
    >
      <input
        aria-invalid="false"
        class="MuiInputBase-input MuiInput-input"
        type="text"
        value=""
      />
    </div>
  </div>
</DocumentFragment>
`;

exports[`React Hook Form Input should render correctly 1`] = `
<DocumentFragment>
  <input
    value=""
  />
</DocumentFragment>
`;
